// Jest Snapshot v1, https://goo.gl/fbAQLP

exports[`matches snapshot 1`] = `
<DocumentFragment>
  <div
    class="Form"
  >
    <div
      class="Form-left"
    >
      <span
        class="Form-update"
      >
        tip.
      </span>
      <p>
        don't forget about younger audience, set up a cool kids table at your party
      </p>
    </div>
    <div
      class="Form-right"
    >
      <div
        class="font-weight-bold text-center mb-card-title event-title"
      >
        Edit Anniversary
      </div>
      <form
        class="Form-body"
      >
        <div
          class="row"
        >
          <div
            class="col-md-6"
          >
            <div
              class="form-group"
            >
              <label
                class=""
                for="title"
              >
                Title
              </label>
              <input
                class="Form-input form-control"
                id="title"
                name="title"
                type="text"
                value="Anniversary"
              />
            </div>
          </div>
          <div
            class="col-md-6"
          >
            <div
              class="form-group"
            >
              <label
                class=""
                for="description"
              >
                Description
              </label>
              <input
                class="Form-input form-control"
                id="description"
                name="description"
                type="text"
                value="Anniversary"
              />
            </div>
          </div>
        </div>
        <div
          class="row"
        >
          <div
            class="col-md-6"
          >
            <div
              class="form-group"
            >
              <label
                class=""
                for="eventDate"
              >
                Event Date
              </label>
              <input
                class="Form-input form-control"
                id="eventDate"
                name="eventDate"
                required=""
                type="date"
                value="2021-05-19"
              />
            </div>
          </div>
          <div
            class="col-md-6"
          >
            <div
              class="form-group"
            >
              <label
                class=""
                for="eventTime"
              >
                Event Time
              </label>
              <input
                class="Form-input form-control"
                id="eventTime"
                name="eventTime"
                required=""
                type="time"
                value="13:00"
              />
            </div>
          </div>
        </div>
        <div
          class="row"
        >
          <div
            class="col-md-6"
          >
            <div
              class="form-group"
            >
              <label
                class=""
                for="city"
              >
                City
              </label>
              <input
                class="Form-input form-control"
                id="city"
                name="city"
                placeholder="city"
                type="text"
                value="Minsk"
              />
            </div>
          </div>
          <div
            class="col-md-2"
          >
            <div
              class="form-group"
            >
              <label
                class=""
                for="state"
              />
              <select
                class="Form-input form-control"
                id="state"
                name="state"
              >
                <option>
                  state
                </option>
                <option>
                  AL
                </option>
                <option>
                  AK
                </option>
                <option>
                  AS
                </option>
                <option>
                  AZ
                </option>
                <option>
                  AR
                </option>
                <option>
                  CA
                </option>
                <option>
                  CO
                </option>
                <option>
                  CT
                </option>
                <option>
                  DE
                </option>
                <option>
                  DC
                </option>
                <option>
                  FM
                </option>
                <option>
                  FL
                </option>
                <option>
                  GA
                </option>
                <option>
                  GU
                </option>
                <option>
                  HI
                </option>
                <option>
                  ID
                </option>
                <option>
                  IL
                </option>
                <option>
                  IN
                </option>
                <option>
                  IA
                </option>
                <option>
                  KS
                </option>
                <option>
                  KY
                </option>
                <option>
                  LA
                </option>
                <option>
                  ME
                </option>
                <option>
                  MH
                </option>
                <option>
                  MD
                </option>
                <option>
                  MA
                </option>
                <option>
                  MI
                </option>
                <option>
                  MN
                </option>
                <option>
                  MS
                </option>
                <option>
                  MO
                </option>
                <option>
                  MT
                </option>
                <option>
                  NE
                </option>
                <option>
                  NV
                </option>
                <option>
                  NH
                </option>
                <option>
                  NJ
                </option>
                <option>
                  NM
                </option>
                <option>
                  NY
                </option>
                <option>
                  NC
                </option>
                <option>
                  ND
                </option>
                <option>
                  MP
                </option>
                <option>
                  OH
                </option>
                <option>
                  OK
                </option>
                <option>
                  OR
                </option>
                <option>
                  PW
                </option>
                <option>
                  PA
                </option>
                <option>
                  PR
                </option>
                <option>
                  RI
                </option>
                <option>
                  SC
                </option>
                <option>
                  SD
                </option>
                <option>
                  TN
                </option>
                <option>
                  TX
                </option>
                <option>
                  UT
                </option>
                <option>
                  VT
                </option>
                <option>
                  VI
                </option>
                <option>
                  VA
                </option>
                <option>
                  WA
                </option>
                <option>
                  WV
                </option>
                <option>
                  WI
                </option>
                <option>
                  WY
                </option>
              </select>
            </div>
          </div>
          <div
            class="col-md-4"
          >
            <div
              class="form-group"
            >
              <label
                class=""
                for="country"
              />
              <select
                class="Form-input form-control"
                id="country"
                name="country"
              >
                <option>
                  country
                </option>
                <option>
                  Afghanistan
                </option>
                <option>
                  Albania
                </option>
                <option>
                  Algeria
                </option>
                <option>
                  Andorra
                </option>
                <option>
                  Angola
                </option>
                <option>
                  Anguilla
                </option>
                <option>
                  Antigua & Barbuda
                </option>
                <option>
                  Argentina
                </option>
                <option>
                  Armenia
                </option>
                <option>
                  Aruba
                </option>
                <option>
                  Australia
                </option>
                <option>
                  Austria
                </option>
                <option>
                  Azerbaijan
                </option>
                <option>
                  Bahamas
                </option>
                <option>
                  Bahrain
                </option>
                <option>
                  Bangladesh
                </option>
                <option>
                  Barbados
                </option>
                <option>
                  Belarus
                </option>
                <option>
                  Belgium
                </option>
                <option>
                  Belize
                </option>
                <option>
                  Benin
                </option>
                <option>
                  Bermuda
                </option>
                <option>
                  Bhutan
                </option>
                <option>
                  Bolivia
                </option>
                <option>
                  Bosnia & Herzegovina
                </option>
                <option>
                  Botswana
                </option>
                <option>
                  Brazil
                </option>
                <option>
                  British Virgin Islands
                </option>
                <option>
                  Brunei
                </option>
                <option>
                  Bulgaria
                </option>
                <option>
                  Burkina Faso
                </option>
                <option>
                  Burundi
                </option>
                <option>
                  Cambodia
                </option>
                <option>
                  Cameroon
                </option>
                <option>
                  Canada
                </option>
                <option>
                  Cape Verde
                </option>
                <option>
                  Cayman Islands
                </option>
                <option>
                  Chad
                </option>
                <option>
                  Chile
                </option>
                <option>
                  China
                </option>
                <option>
                  Colombia
                </option>
                <option>
                  Congo
                </option>
                <option>
                  Cook Islands
                </option>
                <option>
                  Costa Rica
                </option>
                <option>
                  Cote D'Ivoire
                </option>
                <option>
                  Croatia
                </option>
                <option>
                  Cruise Ship
                </option>
                <option>
                  Cuba
                </option>
                <option>
                  Cyprus
                </option>
                <option>
                  Czech Republic
                </option>
                <option>
                  Denmark
                </option>
                <option>
                  Djibouti
                </option>
                <option>
                  Dominica
                </option>
                <option>
                  Dominican Republic
                </option>
                <option>
                  Ecuador
                </option>
                <option>
                  Egypt
                </option>
                <option>
                  El Salvador
                </option>
                <option>
                  Equatorial Guinea
                </option>
                <option>
                  Estonia
                </option>
                <option>
                  Ethiopia
                </option>
                <option>
                  Falkland Islands
                </option>
                <option>
                  Faroe Islands
                </option>
                <option>
                  Fiji
                </option>
                <option>
                  Finland
                </option>
                <option>
                  France
                </option>
                <option>
                  French Polynesia
                </option>
                <option>
                  French West Indies
                </option>
                <option>
                  Gabon
                </option>
                <option>
                  Gambia
                </option>
                <option>
                  Georgia
                </option>
                <option>
                  Germany
                </option>
                <option>
                  Ghana
                </option>
                <option>
                  Gibraltar
                </option>
                <option>
                  Greece
                </option>
                <option>
                  Greenland
                </option>
                <option>
                  Grenada
                </option>
                <option>
                  Guam
                </option>
                <option>
                  Guatemala
                </option>
                <option>
                  Guernsey
                </option>
                <option>
                  Guinea
                </option>
                <option>
                  Guinea Bissau
                </option>
                <option>
                  Guyana
                </option>
                <option>
                  Haiti
                </option>
                <option>
                  Honduras
                </option>
                <option>
                  Hong Kong
                </option>
                <option>
                  Hungary
                </option>
                <option>
                  Iceland
                </option>
                <option>
                  India
                </option>
                <option>
                  Indonesia
                </option>
                <option>
                  Iran
                </option>
                <option>
                  Iraq
                </option>
                <option>
                  Ireland
                </option>
                <option>
                  Isle of Man
                </option>
                <option>
                  Israel
                </option>
                <option>
                  Italy
                </option>
                <option>
                  Jamaica
                </option>
                <option>
                  Japan
                </option>
                <option>
                  Jersey
                </option>
                <option>
                  Jordan
                </option>
                <option>
                  Kazakhstan
                </option>
                <option>
                  Kenya
                </option>
                <option>
                  Kuwait
                </option>
                <option>
                  Kyrgyz Republic
                </option>
                <option>
                  Laos
                </option>
                <option>
                  Latvia
                </option>
                <option>
                  Lebanon
                </option>
                <option>
                  Lesotho
                </option>
                <option>
                  Liberia
                </option>
                <option>
                  Libya
                </option>
                <option>
                  Liechtenstein
                </option>
                <option>
                  Lithuania
                </option>
                <option>
                  Luxembourg
                </option>
                <option>
                  Macau
                </option>
                <option>
                  Macedonia
                </option>
                <option>
                  Madagascar
                </option>
                <option>
                  Malawi
                </option>
                <option>
                  Malaysia
                </option>
                <option>
                  Maldives
                </option>
                <option>
                  Mali
                </option>
                <option>
                  Malta
                </option>
                <option>
                  Mauritania
                </option>
                <option>
                  Mauritius
                </option>
                <option>
                  Mexico
                </option>
                <option>
                  Moldova
                </option>
                <option>
                  Monaco
                </option>
                <option>
                  Mongolia
                </option>
                <option>
                  Montenegro
                </option>
                <option>
                  Montserrat
                </option>
                <option>
                  Morocco
                </option>
                <option>
                  Mozambique
                </option>
                <option>
                  Namibia
                </option>
                <option>
                  Nepal
                </option>
                <option>
                  Netherlands
                </option>
                <option>
                  Netherlands Antilles
                </option>
                <option>
                  New Caledonia
                </option>
                <option>
                  New Zealand
                </option>
                <option>
                  Nicaragua
                </option>
                <option>
                  Niger
                </option>
                <option>
                  Nigeria
                </option>
                <option>
                  Norway
                </option>
                <option>
                  Oman
                </option>
                <option>
                  Pakistan
                </option>
                <option>
                  Palestine
                </option>
                <option>
                  Panama
                </option>
                <option>
                  Papua New Guinea
                </option>
                <option>
                  Paraguay
                </option>
                <option>
                  Peru
                </option>
                <option>
                  Philippines
                </option>
                <option>
                  Poland
                </option>
                <option>
                  Portugal
                </option>
                <option>
                  Puerto Rico
                </option>
                <option>
                  Qatar
                </option>
                <option>
                  Reunion
                </option>
                <option>
                  Romania
                </option>
                <option>
                  Russia
                </option>
                <option>
                  Rwanda
                </option>
                <option>
                  Saint Pierre & Miquelon
                </option>
                <option>
                  Samoa
                </option>
                <option>
                  San Marino
                </option>
                <option>
                  Satellite
                </option>
                <option>
                  Saudi Arabia
                </option>
                <option>
                  Senegal
                </option>
                <option>
                  Serbia
                </option>
                <option>
                  Seychelles
                </option>
                <option>
                  Sierra Leone
                </option>
                <option>
                  Singapore
                </option>
                <option>
                  Slovakia
                </option>
                <option>
                  Slovenia
                </option>
                <option>
                  South Africa
                </option>
                <option>
                  South Korea
                </option>
                <option>
                  Spain
                </option>
                <option>
                  Sri Lanka
                </option>
                <option>
                  St Kitts & Nevis
                </option>
                <option>
                  St Lucia
                </option>
                <option>
                  St Vincent
                </option>
                <option>
                  St. Lucia
                </option>
                <option>
                  Sudan
                </option>
                <option>
                  Suriname
                </option>
                <option>
                  Swaziland
                </option>
                <option>
                  Sweden
                </option>
                <option>
                  Switzerland
                </option>
                <option>
                  Syria
                </option>
                <option>
                  Taiwan
                </option>
                <option>
                  Tajikistan
                </option>
                <option>
                  Tanzania
                </option>
                <option>
                  Thailand
                </option>
                <option>
                  Timor L'Este
                </option>
                <option>
                  Togo
                </option>
                <option>
                  Tonga
                </option>
                <option>
                  Trinidad & Tobago
                </option>
                <option>
                  Tunisia
                </option>
                <option>
                  Turkey
                </option>
                <option>
                  Turkmenistan
                </option>
                <option>
                  Turks & Caicos
                </option>
                <option>
                  Uganda
                </option>
                <option>
                  Ukraine
                </option>
                <option>
                  United Arab Emirates
                </option>
                <option>
                  United Kingdom
                </option>
                <option>
                  United States
                </option>
                <option>
                  Uruguay
                </option>
                <option>
                  Uzbekistan
                </option>
                <option>
                  Venezuela
                </option>
                <option>
                  Vietnam
                </option>
                <option>
                  Virgin Islands (US)
                </option>
                <option>
                  Yemen
                </option>
                <option>
                  Zambia
                </option>
                <option>
                  Zimbabwe
                </option>
              </select>
            </div>
          </div>
        </div>
        <div
          class="form-group"
        >
          <label
            class=""
            for="imgUrl"
          />
          <input
            class="Form-input form-control"
            id="imgUrl"
            name="imgUrl"
            type="text"
            value=""
          />
        </div>
        <button
          class="Form-btn btn-success btn btn-secondary"
        >
          Save
        </button>
      </form>
    </div>
  </div>
</DocumentFragment>
`;
